// Jest Snapshot v1, https://goo.gl/fbAQLP

exports[`Header Component should match header snapshot 1`] = `
<div>
  <div
    className="top-bar"
  >
    <div
      className="top-nav"
    >
      <a
        href="index.html"
      >
        <h3
          className="brand"
        >
          <span>
            B
          </span>
          rain
          <span>
            F
          </span>
          ood
        </h3>
      </a>
      <ul
        className="top-nav-list"
      >
        <li
          className="top-nav-listItem Home"
        >
          <Link
            replace={false}
            to="/"
          >
            Home
          </Link>
        </li>
        <li
          className="top-nav-listItem catalogue"
        >
          <Link
            replace={false}
            to="/catalogue"
          >
            Catalogue
          </Link>
        </li>
        <li
          className="top-nav-listItem login"
        >
          <Link
            replace={false}
            to="/login"
          >
            Login
          </Link>
        </li>
        <li
          className="top-nav-listItem register"
        >
          <Link
            replace={false}
            to="/register"
          >
            Register
          </Link>
        </li>
        <li
          className="top-nav-listItem cart"
        >
          <div
            className="cart-item-indicator"
          >
            <p />
          </div>
          <Link
            replace={false}
            to="/cart"
          >
            Cart
          </Link>
        </li>
      </ul>
      <form
        className="search-brainfood"
      >
        <input
          className="text-field"
          placeholder="Search all books"
          type="text"
        />
      </form>
    </div>
  </div>
</div>
`;
